/homes/kluaq/.config/matplotlib is not a writable directory
Matplotlib created a temporary cache directory at /tmp/matplotlib-hez6of9a because there was an issue with the default path (/homes/kluaq/.config/matplotlib); it is highly recommended to set the MPLCONFIGDIR environment variable to a writable directory, in particular to speed up the import of Matplotlib and to better support multiprocessing.
{
  "combined_all": [
    {
      "scope": "all",
      "condition": "observed",
      "metric": "loss",
      "mean": 0.10498199999999996,
      "std": 2.7895403077993544e-17,
      "median": 0.10498199999999999,
      "p05": 0.10498199999999999,
      "p95": 0.10498199999999999,
      "model_mean_min": 0.09951000000000003,
      "model_mean_max": 0.10763000000000006,
      "model_mean_std": 0.003172714925737899
    },
    {
      "scope": "all",
      "condition": "observed",
      "metric": "recall",
      "mean": 0.848168,
      "std": 0.0,
      "median": 0.848168,
      "p05": 0.848168,
      "p95": 0.848168,
      "model_mean_min": 0.84552,
      "model_mean_max": 0.8536400000000002,
      "model_mean_std": 0.003172714925737942
    },
    {
      "scope": "all",
      "condition": "observed",
      "metric": "inversions",
      "mean": 6.01094,
      "std": 0.0,
      "median": 6.01094,
      "p05": 6.01094,
      "p95": 6.01094,
      "model_mean_min": 5.556199999999998,
      "model_mean_max": 6.252799999999999,
      "model_mean_std": 0.26506068739064353
    },
    {
      "scope": "all",
      "condition": "observed",
      "metric": "agreement",
      "mean": 0.8740460000000003,
      "std": 1.1158161231197418e-16,
      "median": 0.8740460000000002,
      "p05": 0.8740460000000002,
      "p95": 0.8740460000000002,
      "model_mean_min": 0.8712700000000001,
      "model_mean_max": 0.87973,
      "model_mean_std": 0.003289548601252145
    },
    {
      "scope": "all",
      "condition": "observed",
      "metric": "harmful_fraction",
      "mean": 0.7225200000000003,
      "std": 3.3474483693592255e-16,
      "median": 0.7225199999999999,
      "p05": 0.7225199999999999,
      "p95": 0.7225199999999999,
      "model_mean_min": 0.7001000000000002,
      "model_mean_max": 0.7336999999999999,
      "model_mean_std": 0.012981794945229944
    },
    {
      "scope": "all",
      "condition": "N0",
      "metric": "loss",
      "mean": 0.14157036,
      "std": 0.0003322248696898002,
      "median": 0.14158199999999999,
      "p05": 0.1409974,
      "p95": 0.1420633,
      "model_mean_min": 0.1369737,
      "model_mean_max": 0.1430091,
      "model_mean_std": 0.002583594485982657
    },
    {
      "scope": "all",
      "condition": "N0",
      "metric": "recall",
      "mean": 0.8115796399999998,
      "std": 0.00033222486968979804,
      "median": 0.8115680000000001,
      "p05": 0.8110867,
      "p95": 0.8121526,
      "model_mean_min": 0.8101408999999998,
      "model_mean_max": 0.8161763000000001,
      "model_mean_std": 0.002583594485982699
    },
    {
      "scope": "all",
      "condition": "N0",
      "metric": "inversions",
      "mean": 10.1312582,
      "std": 0.03434917093907838,
      "median": 10.131969999999999,
      "p05": 10.061979,
      "p95": 10.183717,
      "model_mean_min": 9.652975,
      "model_mean_max": 10.286604,
      "model_mean_std": 0.26901954377647064
    },
    {
      "scope": "all",
      "condition": "N0",
      "metric": "agreement",
      "mean": 0.83529582,
      "std": 0.00034474995711282193,
      "median": 0.835238,
      "p05": 0.8347515999999999,
      "p95": 0.8358840999999999,
      "model_mean_min": 0.8336880000000001,
      "model_mean_max": 0.8406459,
      "model_mean_std": 0.003003188843046635
    },
    {
      "scope": "all",
      "condition": "N0",
      "metric": "harmful_fraction",
      "mean": 0.8319496000000001,
      "std": 0.0013811237702273053,
      "median": 0.83186,
      "p05": 0.8296720000000001,
      "p95": 0.8343619999999999,
      "model_mean_min": 0.8185379999999999,
      "model_mean_max": 0.836044,
      "model_mean_std": 0.007533324252944435
    },
    {
      "scope": "all",
      "condition": "N1",
      "metric": "loss",
      "mean": 0.14822120000000003,
      "std": 0.00030371557667520566,
      "median": 0.14821499999999999,
      "p05": 0.1477199,
      "p95": 0.1486867,
      "model_mean_min": 0.13267009999999999,
      "model_mean_max": 0.15252469999999999,
      "model_mean_std": 0.008702608701130952
    },
    {
      "scope": "all",
      "condition": "N1",
      "metric": "recall",
      "mean": 0.8049288,
      "std": 0.0003037155766752135,
      "median": 0.804935,
      "p05": 0.8044633,
      "p95": 0.8054300999999999,
      "model_mean_min": 0.8006253,
      "model_mean_max": 0.8204799000000002,
      "model_mean_std": 0.008702608701131013
    },
    {
      "scope": "all",
      "condition": "N1",
      "metric": "inversions",
      "mean": 10.258320000000001,
      "std": 0.02440198948670157,
      "median": 10.25821,
      "p05": 10.218576999999998,
      "p95": 10.298371,
      "model_mean_min": 8.573886000000002,
      "model_mean_max": 10.75897,
      "model_mean_std": 0.9439247016237572
    },
    {
      "scope": "all",
      "condition": "N1",
      "metric": "agreement",
      "mean": 0.82525482,
      "std": 0.0003198513663651599,
      "median": 0.8252790000000001,
      "p05": 0.8247373,
      "p95": 0.8258046000000001,
      "model_mean_min": 0.8203699,
      "model_mean_max": 0.8429072999999999,
      "model_mean_std": 0.00987703980892048
    },
    {
      "scope": "all",
      "condition": "N1",
      "metric": "harmful_fraction",
      "mean": 0.8391712000000001,
      "std": 0.0012433916470198714,
      "median": 0.8392000000000001,
      "p05": 0.837357,
      "p95": 0.841244,
      "model_mean_min": 0.7998930000000003,
      "model_mean_max": 0.8500230000000001,
      "model_mean_std": 0.021973331135719816
    },
    {
      "scope": "all",
      "condition": "N2",
      "metric": "loss",
      "mean": 0.11441474,
      "std": 0.00022696088836732389,
      "median": 0.114414,
      "p05": 0.11403970000000001,
      "p95": 0.1147281,
      "model_mean_min": 0.10788170000000001,
      "model_mean_max": 0.11683379999999997,
      "model_mean_std": 0.0036802126790445055
    },
    {
      "scope": "all",
      "condition": "N2",
      "metric": "recall",
      "mean": 0.83873526,
      "std": 0.00022696088836732177,
      "median": 0.8387360000000001,
      "p05": 0.8384219,
      "p95": 0.8391103,
      "model_mean_min": 0.8363162000000002,
      "model_mean_max": 0.8452683000000001,
      "model_mean_std": 0.003680212679044544
    },
    {
      "scope": "all",
      "condition": "N2",
      "metric": "inversions",
      "mean": 7.265544000000001,
      "std": 0.013795795582625092,
      "median": 7.26571,
      "p05": 7.244459,
      "p95": 7.288898,
      "model_mean_min": 6.519551,
      "model_mean_max": 7.5384340000000005,
      "model_mean_std": 0.4207936893544153
    },
    {
      "scope": "all",
      "condition": "N2",
      "metric": "agreement",
      "mean": 0.8630377800000001,
      "std": 0.00021883140413191118,
      "median": 0.8630310000000001,
      "p05": 0.8626507,
      "p95": 0.8633886,
      "model_mean_min": 0.8604164999999999,
      "model_mean_max": 0.8705535000000001,
      "model_mean_std": 0.004223642316413709
    },
    {
      "scope": "all",
      "condition": "N2",
      "metric": "harmful_fraction",
      "mean": 0.7514320000000001,
      "std": 0.0012902337115046306,
      "median": 0.7513799999999999,
      "p05": 0.7494949999999999,
      "p95": 0.7532479999999999,
      "model_mean_min": 0.7277589999999999,
      "model_mean_max": 0.7591650000000001,
      "model_mean_std": 0.013308280279585402
    },
    {
      "scope": "all",
      "condition": "N3",
      "metric": "loss",
      "mean": 0.10624014000000002,
      "std": 0.00020163157821465798,
      "median": 0.106207,
      "p05": 0.10595779999999999,
      "p95": 0.1066204,
      "model_mean_min": 0.10136989999999997,
      "model_mean_max": 0.1085289,
      "model_mean_std": 0.0027994643153646504
    },
    {
      "scope": "all",
      "condition": "N3",
      "metric": "recall",
      "mean": 0.8469098600000001,
      "std": 0.00020163157821465646,
      "median": 0.846943,
      "p05": 0.8465295999999999,
      "p95": 0.8471922,
      "model_mean_min": 0.8446210999999998,
      "model_mean_max": 0.8517801,
      "model_mean_std": 0.0027994643153646816
    },
    {
      "scope": "all",
      "condition": "N3",
      "metric": "inversions",
      "mean": 6.1902006,
      "std": 0.009597628686505887,
      "median": 6.18961,
      "p05": 6.176938,
      "p95": 6.208671,
      "model_mean_min": 5.721265,
      "model_mean_max": 6.414840000000001,
      "model_mean_std": 0.26962781668218155
    },
    {
      "scope": "all",
      "condition": "N3",
      "metric": "agreement",
      "mean": 0.8725614199999998,
      "std": 0.0002102503164220032,
      "median": 0.872597,
      "p05": 0.8721791,
      "p95": 0.8728946999999999,
      "model_mean_min": 0.8700196999999997,
      "model_mean_max": 0.8779549,
      "model_mean_std": 0.003096414516339887
    },
    {
      "scope": "all",
      "condition": "N3",
      "metric": "harmful_fraction",
      "mean": 0.7292030000000002,
      "std": 0.0012279189095721458,
      "median": 0.72923,
      "p05": 0.7272749999999999,
      "p95": 0.731307,
      "model_mean_min": 0.7099540000000001,
      "model_mean_max": 0.737366,
      "model_mean_std": 0.011041060909169887
    },
    {
      "scope": "all",
      "condition": "N4",
      "metric": "loss",
      "mean": 0.1060353,
      "std": 0.00015880446651734452,
      "median": 0.106038,
      "p05": 0.10580659999999999,
      "p95": 0.10627889999999998,
      "model_mean_min": 0.10074600000000002,
      "model_mean_max": 0.10886479999999998,
      "model_mean_std": 0.003106605002249231
    },
    {
      "scope": "all",
      "condition": "N4",
      "metric": "recall",
      "mean": 0.8471146999999999,
      "std": 0.00015880446651734154,
      "median": 0.8471120000000001,
      "p05": 0.8468711,
      "p95": 0.8473434000000001,
      "model_mean_min": 0.8442852000000002,
      "model_mean_max": 0.8524039999999999,
      "model_mean_std": 0.003106605002249165
    },
    {
      "scope": "all",
      "condition": "N4",
      "metric": "inversions",
      "mean": 6.179751799999999,
      "std": 0.008384174652645359,
      "median": 6.18,
      "p05": 6.163864,
      "p95": 6.193936,
      "model_mean_min": 5.711709,
      "model_mean_max": 6.417235,
      "model_mean_std": 0.27137158309539333
    },
    {
      "scope": "all",
      "condition": "N4",
      "metric": "agreement",
      "mean": 0.87282186,
      "std": 0.00016179579472878512,
      "median": 0.872803,
      "p05": 0.8726075999999999,
      "p95": 0.8730659,
      "model_mean_min": 0.8699063000000001,
      "model_mean_max": 0.8785654999999999,
      "model_mean_std": 0.0033313401932254876
    },
    {
      "scope": "all",
      "condition": "N4",
      "metric": "harmful_fraction",
      "mean": 0.7261944,
      "std": 0.0009442567704204456,
      "median": 0.7262500000000001,
      "p05": 0.7244,
      "p95": 0.727582,
      "model_mean_min": 0.7051510000000001,
      "model_mean_max": 0.7360890000000001,
      "model_mean_std": 0.012324477384457294
    },
    {
      "scope": "all",
      "condition": "N_distance",
      "metric": "loss",
      "mean": 0.11817579999999998,
      "std": 0.0003199100252296338,
      "median": 0.11818100000000001,
      "p05": 0.11772089999999999,
      "p95": 0.1186511,
      "model_mean_min": 0.11310470000000002,
      "model_mean_max": 0.11981649999999998,
      "model_mean_std": 0.0028463918370456175
    },
    {
      "scope": "all",
      "condition": "N_distance",
      "metric": "recall",
      "mean": 0.8349742000000002,
      "std": 0.0003199100252296321,
      "median": 0.834969,
      "p05": 0.8344989,
      "p95": 0.8354290999999999,
      "model_mean_min": 0.8333335,
      "model_mean_max": 0.8400452999999999,
      "model_mean_std": 0.002846391837045588
    },
    {
      "scope": "all",
      "condition": "N_distance",
      "metric": "inversions",
      "mean": 7.2976198,
      "std": 0.024790844105732783,
      "median": 7.29618,
      "p05": 7.262342,
      "p95": 7.340288999999999,
      "model_mean_min": 6.7528559999999995,
      "model_mean_max": 7.4693629999999995,
      "model_mean_std": 0.30644698719631774
    },
    {
      "scope": "all",
      "condition": "N_distance",
      "metric": "agreement",
      "mean": 0.8602048999999999,
      "std": 0.00032124799256535346,
      "median": 0.860225,
      "p05": 0.8597401,
      "p95": 0.8606463,
      "model_mean_min": 0.8584125000000001,
      "model_mean_max": 0.8658823999999998,
      "model_mean_std": 0.0031839383560300486
    },
    {
      "scope": "all",
      "condition": "N_distance",
      "metric": "harmful_fraction",
      "mean": 0.7713418,
      "std": 0.0016396060009599448,
      "median": 0.77143,
      "p05": 0.768439,
      "p95": 0.773926,
      "model_mean_min": 0.7550380000000001,
      "model_mean_max": 0.776773,
      "model_mean_std": 0.009159436210815573
    }
  ],
  "geometry_oracle1_mean": [
    {
      "model": "five_model_mean",
      "scope": "oracle1",
      "condition": "observed",
      "target": "loss",
      "queries": 7136,
      "spearman": -0.6584011302024309
    },
    {
      "model": "five_model_mean",
      "scope": "oracle1",
      "condition": "N0",
      "target": "loss",
      "queries": 7136,
      "spearman": -0.7851131419693911
    },
    {
      "model": "five_model_mean",
      "scope": "oracle1",
      "condition": "N0",
      "target": "excess",
      "queries": 7136,
      "spearman": 0.14697842247407675
    },
    {
      "model": "five_model_mean",
      "scope": "oracle1",
      "condition": "N1",
      "target": "loss",
      "queries": 7136,
      "spearman": -0.7635306873980107
    },
    {
      "model": "five_model_mean",
      "scope": "oracle1",
      "condition": "N1",
      "target": "excess",
      "queries": 7136,
      "spearman": 0.23641413236334705
    },
    {
      "model": "five_model_mean",
      "scope": "oracle1",
      "condition": "N2",
      "target": "loss",
      "queries": 7136,
      "spearman": -0.732249940399087
    },
    {
      "model": "five_model_mean",
      "scope": "oracle1",
      "condition": "N2",
      "target": "excess",
      "queries": 7136,
      "spearman": 0.1371066983029232
    },
    {
      "model": "five_model_mean",
      "scope": "oracle1",
      "condition": "N3",
      "target": "loss",
      "queries": 7136,
      "spearman": -0.7133325935235639
    },
    {
      "model": "five_model_mean",
      "scope": "oracle1",
      "condition": "N3",
      "target": "excess",
      "queries": 7136,
      "spearman": 0.014441453726543898
    },
    {
      "model": "five_model_mean",
      "scope": "oracle1",
      "condition": "N4",
      "target": "loss",
      "queries": 7136,
      "spearman": -0.691284110330939
    },
    {
      "model": "five_model_mean",
      "scope": "oracle1",
      "condition": "N4",
      "target": "excess",
      "queries": 7136,
      "spearman": 0.02777790824065712
    },
    {
      "model": "five_model_mean",
      "scope": "oracle1",
      "condition": "N_distance",
      "target": "loss",
      "queries": 7136,
      "spearman": -0.7980570500984714
    },
    {
      "model": "five_model_mean",
      "scope": "oracle1",
      "condition": "N_distance",
      "target": "excess",
      "queries": 7136,
      "spearman": 0.04949179804324545
    }
  ]
}
