gmake: Warning: File 'Makefile' has modification time 82 s in the future
gmake[1]: Warning: File 'CMakeFiles/Makefile2' has modification time 82 s in the future
gmake[2]: Warning: File 'CMakeFiles/Makefile2' has modification time 82 s in the future
gmake[3]: Warning: File 'CMakeFiles/faiss_external.dir/progress.make' has modification time 82 s in the future
gmake[3]: warning:  Clock skew detected.  Your build may be incomplete.
gmake[3]: Warning: File 'CMakeFiles/faiss_external.dir/progress.make' has modification time 82 s in the future
gmake[3]: warning:  Clock skew detected.  Your build may be incomplete.
[ 40%] Built target faiss_external
gmake[3]: Warning: File 'CMakeFiles/qh_metrics.dir/progress.make' has modification time 82 s in the future
gmake[3]: Warning: File 'CMakeFiles/qh_faiss_backend.dir/progress.make' has modification time 82 s in the future
gmake[3]: Warning: File 'CMakeFiles/qh_instrumentation.dir/progress.make' has modification time 82 s in the future
gmake[3]: warning:  Clock skew detected.  Your build may be incomplete.
gmake[3]: warning:  Clock skew detected.  Your build may be incomplete.
gmake[3]: warning:  Clock skew detected.  Your build may be incomplete.
gmake[3]: Warning: File 'CMakeFiles/qh_faiss_backend.dir/progress.make' has modification time 82 s in the future
gmake[3]: Warning: File 'CMakeFiles/qh_metrics.dir/progress.make' has modification time 82 s in the future
gmake[3]: Warning: File 'CMakeFiles/qh_instrumentation.dir/progress.make' has modification time 82 s in the future
gmake[3]: warning:  Clock skew detected.  Your build may be incomplete.
gmake[3]: warning:  Clock skew detected.  Your build may be incomplete.
gmake[3]: warning:  Clock skew detected.  Your build may be incomplete.
[ 68%] Built target qh_faiss_backend
[ 86%] Built target qh_metrics
[ 90%] Built target qh_instrumentation
gmake[3]: Warning: File 'CMakeFiles/faiss_phase4a.dir/flags.make' has modification time 81 s in the future
gmake[3]: warning:  Clock skew detected.  Your build may be incomplete.
gmake[3]: Warning: File 'CMakeFiles/faiss_phase4a.dir/flags.make' has modification time 81 s in the future
[ 95%] Building CXX object CMakeFiles/faiss_phase4a.dir/src/experiments/faiss_phase4a.cpp.o
[100%] Linking CXX executable faiss_phase4a
gmake[3]: warning:  Clock skew detected.  Your build may be incomplete.
[100%] Built target faiss_phase4a
gmake[2]: warning:  Clock skew detected.  Your build may be incomplete.
gmake[1]: warning:  Clock skew detected.  Your build may be incomplete.
gmake: warning:  Clock skew detected.  Your build may be incomplete.
