completed GAP rep=0 components=1
completed ALL16 rep=0 components=1
completed NATIVE rep=0 components=1
completed NATIVE rep=0 components=0
completed ALL16 rep=0 components=0
completed GAP rep=0 components=0
completed RANDOM rep=0 components=0
completed RANDOM rep=0 components=1
completed GAP rep=1 components=1
completed GAP rep=1 components=0
completed NATIVE rep=1 components=0
completed NATIVE rep=1 components=1
completed RANDOM rep=1 components=1
completed ALL16 rep=1 components=0
completed RANDOM rep=1 components=0
completed ALL16 rep=1 components=1
completed NATIVE rep=2 components=0
completed GAP rep=2 components=1
completed ALL16 rep=2 components=0
completed ALL16 rep=2 components=1
completed RANDOM rep=2 components=0
completed NATIVE rep=2 components=1
completed RANDOM rep=2 components=1
completed GAP rep=2 components=0
completed ALL16 rep=3 components=1
completed RANDOM rep=3 components=0
completed NATIVE rep=3 components=0
completed GAP rep=3 components=1
completed NATIVE rep=3 components=1
completed ALL16 rep=3 components=0
completed RANDOM rep=3 components=1
completed GAP rep=3 components=0
completed ALL16 rep=4 components=0
completed GAP rep=4 components=1
completed RANDOM rep=4 components=0
completed RANDOM rep=4 components=1
completed GAP rep=4 components=0
completed NATIVE rep=4 components=0
completed ALL16 rep=4 components=1
completed NATIVE rep=4 components=1
completed GAP rep=5 components=0
completed GAP rep=5 components=1
completed NATIVE rep=5 components=1
completed NATIVE rep=5 components=0
completed ALL16 rep=5 components=1
completed ALL16 rep=5 components=0
completed RANDOM rep=5 components=0
completed RANDOM rep=5 components=1
completed GAP rep=6 components=1
completed ALL16 rep=6 components=1
completed NATIVE rep=6 components=0
completed RANDOM rep=6 components=0
completed ALL16 rep=6 components=0
completed NATIVE rep=6 components=1
completed GAP rep=6 components=0
completed RANDOM rep=6 components=1
benchmark PASS
