gmake: Warning: File 'Makefile' has modification time 191 s in the future
gmake[1]: Warning: File 'CMakeFiles/Makefile2' has modification time 192 s in the future
gmake[2]: Warning: File 'CMakeFiles/Makefile2' has modification time 192 s in the future
gmake[3]: Warning: File 'CMakeFiles/faiss_external.dir/progress.make' has modification time 192 s in the future
gmake[3]: warning:  Clock skew detected.  Your build may be incomplete.
gmake[3]: Warning: File 'CMakeFiles/faiss_external.dir/progress.make' has modification time 192 s in the future
gmake[3]: warning:  Clock skew detected.  Your build may be incomplete.
[ 60%] Built target faiss_external
gmake[3]: Warning: File 'CMakeFiles/qh_faiss_backend.dir/progress.make' has modification time 192 s in the future
gmake[3]: warning:  Clock skew detected.  Your build may be incomplete.
gmake[3]: Warning: File 'CMakeFiles/qh_faiss_backend.dir/progress.make' has modification time 192 s in the future
gmake[3]: warning:  Clock skew detected.  Your build may be incomplete.
[ 73%] Built target qh_faiss_backend
gmake[3]: Warning: File 'CMakeFiles/qh_streaming.dir/flags.make' has modification time 191 s in the future
gmake[3]: warning:  Clock skew detected.  Your build may be incomplete.
gmake[3]: Warning: File 'CMakeFiles/qh_streaming.dir/flags.make' has modification time 191 s in the future
gmake[3]: warning:  Clock skew detected.  Your build may be incomplete.
[ 86%] Built target qh_streaming
gmake[3]: Warning: File 'CMakeFiles/faiss_phase4b.dir/flags.make' has modification time 191 s in the future
gmake[3]: warning:  Clock skew detected.  Your build may be incomplete.
gmake[3]: Warning: File 'CMakeFiles/faiss_phase4b.dir/flags.make' has modification time 191 s in the future
[ 93%] Building CXX object CMakeFiles/faiss_phase4b.dir/src/experiments/faiss_phase4b.cpp.o
[100%] Linking CXX executable faiss_phase4b
gmake[3]: warning:  Clock skew detected.  Your build may be incomplete.
[100%] Built target faiss_phase4b
gmake[2]: warning:  Clock skew detected.  Your build may be incomplete.
gmake[1]: warning:  Clock skew detected.  Your build may be incomplete.
gmake: warning:  Clock skew detected.  Your build may be incomplete.
