gmake: Warning: File 'Makefile' has modification time 142 s in the future
gmake[1]: Warning: File 'CMakeFiles/Makefile2' has modification time 143 s in the future
gmake[2]: Warning: File 'CMakeFiles/Makefile2' has modification time 143 s in the future
gmake[3]: Warning: File 'CMakeFiles/faiss_external.dir/progress.make' has modification time 143 s in the future
gmake[3]: warning:  Clock skew detected.  Your build may be incomplete.
gmake[3]: Warning: File 'CMakeFiles/faiss_external.dir/progress.make' has modification time 143 s in the future
gmake[3]: warning:  Clock skew detected.  Your build may be incomplete.
[ 52%] Built target faiss_external
gmake[3]: Warning: File 'CMakeFiles/qh_faiss_backend.dir/progress.make' has modification time 143 s in the future
gmake[3]: warning:  Clock skew detected.  Your build may be incomplete.
gmake[3]: Warning: File 'CMakeFiles/qh_faiss_backend.dir/progress.make' has modification time 143 s in the future
gmake[3]: warning:  Clock skew detected.  Your build may be incomplete.
[ 64%] Built target qh_faiss_backend
gmake[3]: Warning: File 'CMakeFiles/qh_streaming.dir/progress.make' has modification time 143 s in the future
gmake[3]: warning:  Clock skew detected.  Your build may be incomplete.
gmake[3]: Warning: File 'CMakeFiles/qh_streaming.dir/progress.make' has modification time 143 s in the future
gmake[3]: warning:  Clock skew detected.  Your build may be incomplete.
[ 76%] Built target qh_streaming
gmake[3]: Warning: File 'CMakeFiles/qh_bounded.dir/progress.make' has modification time 142 s in the future
gmake[3]: warning:  Clock skew detected.  Your build may be incomplete.
gmake[3]: Warning: File 'CMakeFiles/qh_bounded.dir/progress.make' has modification time 142 s in the future
gmake[3]: warning:  Clock skew detected.  Your build may be incomplete.
[ 88%] Built target qh_bounded
gmake[3]: Warning: File 'CMakeFiles/faiss_phase4d.dir/flags.make' has modification time 141 s in the future
gmake[3]: warning:  Clock skew detected.  Your build may be incomplete.
gmake[3]: Warning: File 'CMakeFiles/faiss_phase4d.dir/flags.make' has modification time 141 s in the future
[ 94%] Building CXX object CMakeFiles/faiss_phase4d.dir/src/experiments/faiss_phase4d.cpp.o
[100%] Linking CXX executable faiss_phase4d
gmake[3]: warning:  Clock skew detected.  Your build may be incomplete.
[100%] Built target faiss_phase4d
gmake[2]: warning:  Clock skew detected.  Your build may be incomplete.
gmake[1]: warning:  Clock skew detected.  Your build may be incomplete.
gmake: warning:  Clock skew detected.  Your build may be incomplete.
