/homes/kluaq/.config/matplotlib is not a writable directory
Matplotlib created a temporary cache directory at /tmp/matplotlib-dhcb7g7f because there was an issue with the default path (/homes/kluaq/.config/matplotlib); it is highly recommended to set the MPLCONFIGDIR environment variable to a writable directory, in particular to speed up the import of Matplotlib and to better support multiprocessing.
{
  "query_count": 14252,
  "passes_per_cell": 4,
  "repetitions": 5,
  "primary_cells": 40,
  "primary_query_measurements": 2280320,
  "per_policy_T_query_measurements": 285040,
  "all_primary_IDs_identical": true,
  "all_worker_throughput_targets_pass": true,
  "relative_overhead": [
    {
      "workers": 1,
      "throughput_penalty": 0.07039760090506497,
      "mean_latency_overhead": 0.07584430636207418,
      "p95_latency_overhead": 0.08500004830515495,
      "p99_latency_overhead": 0.08832876958315228,
      "p99_ratio": 1.0883287695831523,
      "throughput_target_pass": true
    },
    {
      "workers": 2,
      "throughput_penalty": 0.07605443741999418,
      "mean_latency_overhead": 0.08137619650431982,
      "p95_latency_overhead": 0.09504452442088063,
      "p99_latency_overhead": 0.10031617238927537,
      "p99_ratio": 1.1003161723892754,
      "throughput_target_pass": true
    },
    {
      "workers": 4,
      "throughput_penalty": 0.08049770431152581,
      "mean_latency_overhead": 0.08504675502474646,
      "p95_latency_overhead": 0.09966179907885309,
      "p99_latency_overhead": 0.10534192797704356,
      "p99_ratio": 1.1053419279770436,
      "throughput_target_pass": true
    },
    {
      "workers": 8,
      "throughput_penalty": 0.07712659817854828,
      "mean_latency_overhead": 0.07984368037914646,
      "p95_latency_overhead": 0.09439436815438063,
      "p99_latency_overhead": 0.10862712157838139,
      "p99_ratio": 1.1086271215783814,
      "throughput_target_pass": true
    }
  ],
  "scaling": [
    {
      "policy": "NATIVE",
      "workers": 1,
      "speedup": 1.0,
      "parallel_efficiency": 1.0
    },
    {
      "policy": "BOUNDED_ALL16",
      "workers": 1,
      "speedup": 1.0,
      "parallel_efficiency": 1.0
    },
    {
      "policy": "NATIVE",
      "workers": 2,
      "speedup": 1.943763038916072,
      "parallel_efficiency": 0.971881519458036
    },
    {
      "policy": "BOUNDED_ALL16",
      "workers": 2,
      "speedup": 1.9319348102608798,
      "parallel_efficiency": 0.9659674051304399
    },
    {
      "policy": "NATIVE",
      "workers": 4,
      "speedup": 3.7715528821251416,
      "parallel_efficiency": 0.9428882205312854
    },
    {
      "policy": "BOUNDED_ALL16",
      "workers": 4,
      "speedup": 3.7305750682237506,
      "parallel_efficiency": 0.9326437670559377
    },
    {
      "policy": "NATIVE",
      "workers": 8,
      "speedup": 7.381789218040499,
      "parallel_efficiency": 0.9227236522550624
    },
    {
      "policy": "BOUNDED_ALL16",
      "workers": 8,
      "speedup": 7.3283555784866605,
      "parallel_efficiency": 0.9160444473108326
    }
  ],
  "stress": {
    "status": "PASS",
    "calls": 61440,
    "two_clock_loop_us_per_iteration": 0.035901329999999995,
    "timestamp_note": "includes loop/output storage; diagnostic upper bound, not subtracted"
  },
  "timestamp_loop_fraction_of_min_mean_latency": 0.00021983343596952977,
  "aggregation": "mean of five repetition metrics; sample SD/min/max in aggregate; scaling ratios of mean QPS",
  "tail_interpretation": "no post-hoc numeric SLA; compare p95/p99 ratios to mean overhead and repetition spread"
}
