gmake: Warning: File 'Makefile' has modification time 216 s in the future
gmake[1]: Warning: File 'CMakeFiles/Makefile2' has modification time 216 s in the future
gmake[2]: Warning: File 'CMakeFiles/Makefile2' has modification time 216 s in the future
gmake[3]: Warning: File 'CMakeFiles/faiss_external.dir/progress.make' has modification time 216 s in the future
gmake[3]: warning:  Clock skew detected.  Your build may be incomplete.
gmake[3]: Warning: File 'CMakeFiles/faiss_external.dir/progress.make' has modification time 216 s in the future
gmake[3]: warning:  Clock skew detected.  Your build may be incomplete.
[ 52%] Built target faiss_external
gmake[3]: Warning: File 'CMakeFiles/qh_faiss_backend.dir/progress.make' has modification time 216 s in the future
gmake[3]: warning:  Clock skew detected.  Your build may be incomplete.
gmake[3]: Warning: File 'CMakeFiles/qh_faiss_backend.dir/progress.make' has modification time 216 s in the future
gmake[3]: warning:  Clock skew detected.  Your build may be incomplete.
[ 64%] Built target qh_faiss_backend
gmake[3]: Warning: File 'CMakeFiles/qh_streaming.dir/progress.make' has modification time 216 s in the future
gmake[3]: warning:  Clock skew detected.  Your build may be incomplete.
gmake[3]: Warning: File 'CMakeFiles/qh_streaming.dir/progress.make' has modification time 216 s in the future
gmake[3]: warning:  Clock skew detected.  Your build may be incomplete.
[ 76%] Built target qh_streaming
gmake[3]: Warning: File 'CMakeFiles/qh_bounded.dir/flags.make' has modification time 215 s in the future
gmake[3]: warning:  Clock skew detected.  Your build may be incomplete.
gmake[3]: Warning: File 'CMakeFiles/qh_bounded.dir/flags.make' has modification time 215 s in the future
[ 82%] Building CXX object CMakeFiles/qh_bounded.dir/src/instrumentation/bounded_retention.cpp.o
[ 88%] Linking CXX static library libqh_bounded.a
gmake[3]: warning:  Clock skew detected.  Your build may be incomplete.
[ 88%] Built target qh_bounded
gmake[3]: Warning: File 'CMakeFiles/faiss_phase4c.dir/flags.make' has modification time 214 s in the future
gmake[3]: warning:  Clock skew detected.  Your build may be incomplete.
gmake[3]: Warning: File 'CMakeFiles/faiss_phase4c.dir/flags.make' has modification time 214 s in the future
[ 94%] Building CXX object CMakeFiles/faiss_phase4c.dir/src/experiments/faiss_phase4c.cpp.o
[100%] Linking CXX executable faiss_phase4c
gmake[3]: warning:  Clock skew detected.  Your build may be incomplete.
[100%] Built target faiss_phase4c
gmake[2]: warning:  Clock skew detected.  Your build may be incomplete.
gmake[1]: warning:  Clock skew detected.  Your build may be incomplete.
gmake[1]: Warning: File 'CMakeFiles/Makefile2' has modification time 211 s in the future
gmake[2]: Warning: File 'CMakeFiles/Makefile2' has modification time 211 s in the future
gmake[3]: Warning: File 'CMakeFiles/faiss_external.dir/progress.make' has modification time 211 s in the future
gmake[3]: warning:  Clock skew detected.  Your build may be incomplete.
gmake[3]: Warning: File 'CMakeFiles/faiss_external.dir/progress.make' has modification time 211 s in the future
gmake[3]: warning:  Clock skew detected.  Your build may be incomplete.
[ 52%] Built target faiss_external
gmake[3]: Warning: File 'CMakeFiles/qh_faiss_backend.dir/progress.make' has modification time 211 s in the future
gmake[3]: warning:  Clock skew detected.  Your build may be incomplete.
gmake[3]: Warning: File 'CMakeFiles/qh_faiss_backend.dir/progress.make' has modification time 211 s in the future
gmake[3]: warning:  Clock skew detected.  Your build may be incomplete.
[ 64%] Built target qh_faiss_backend
gmake[3]: Warning: File 'CMakeFiles/qh_streaming.dir/progress.make' has modification time 211 s in the future
gmake[3]: warning:  Clock skew detected.  Your build may be incomplete.
gmake[3]: Warning: File 'CMakeFiles/qh_streaming.dir/progress.make' has modification time 211 s in the future
gmake[3]: warning:  Clock skew detected.  Your build may be incomplete.
[ 76%] Built target qh_streaming
gmake[3]: Warning: File 'CMakeFiles/qh_bounded.dir/flags.make' has modification time 210 s in the future
gmake[3]: warning:  Clock skew detected.  Your build may be incomplete.
gmake[3]: Warning: File 'CMakeFiles/qh_bounded.dir/flags.make' has modification time 210 s in the future
gmake[3]: warning:  Clock skew detected.  Your build may be incomplete.
[ 88%] Built target qh_bounded
gmake[3]: Warning: File 'CMakeFiles/bounded_retention_correctness.dir/flags.make' has modification time 210 s in the future
gmake[3]: warning:  Clock skew detected.  Your build may be incomplete.
gmake[3]: Warning: File 'CMakeFiles/bounded_retention_correctness.dir/flags.make' has modification time 210 s in the future
[ 94%] Building CXX object CMakeFiles/bounded_retention_correctness.dir/tests/bounded_retention_correctness.cpp.o
[100%] Linking CXX executable bounded_retention_correctness
gmake[3]: warning:  Clock skew detected.  Your build may be incomplete.
[100%] Built target bounded_retention_correctness
gmake[2]: warning:  Clock skew detected.  Your build may be incomplete.
gmake[1]: warning:  Clock skew detected.  Your build may be incomplete.
gmake: warning:  Clock skew detected.  Your build may be incomplete.
