primary BOUNDED_ALL16 rep=0 clock=0 complete
primary NATIVE rep=0 clock=1 complete
primary FULL rep=0 clock=0 complete
primary FULL_ALL16 rep=0 clock=1 complete
primary BOUNDED rep=0 clock=1 complete
primary BOUNDED rep=0 clock=0 complete
primary FULL rep=0 clock=1 complete
primary BOUNDED_ALL16 rep=0 clock=1 complete
primary FULL_ALL16 rep=0 clock=0 complete
primary NATIVE rep=0 clock=0 complete
primary NATIVE rep=1 clock=0 complete
primary BOUNDED_ALL16 rep=1 clock=0 complete
primary FULL_ALL16 rep=1 clock=1 complete
primary FULL rep=1 clock=0 complete
primary FULL_ALL16 rep=1 clock=0 complete
primary BOUNDED rep=1 clock=1 complete
primary BOUNDED rep=1 clock=0 complete
primary NATIVE rep=1 clock=1 complete
primary BOUNDED_ALL16 rep=1 clock=1 complete
primary FULL rep=1 clock=1 complete
primary BOUNDED rep=2 clock=1 complete
primary BOUNDED_ALL16 rep=2 clock=0 complete
primary FULL_ALL16 rep=2 clock=0 complete
primary BOUNDED rep=2 clock=0 complete
primary FULL_ALL16 rep=2 clock=1 complete
primary FULL rep=2 clock=1 complete
primary NATIVE rep=2 clock=1 complete
primary NATIVE rep=2 clock=0 complete
primary FULL rep=2 clock=0 complete
primary BOUNDED_ALL16 rep=2 clock=1 complete
primary FULL rep=3 clock=0 complete
primary FULL_ALL16 rep=3 clock=1 complete
primary BOUNDED_ALL16 rep=3 clock=1 complete
primary FULL rep=3 clock=1 complete
primary NATIVE rep=3 clock=1 complete
primary BOUNDED_ALL16 rep=3 clock=0 complete
primary BOUNDED rep=3 clock=0 complete
primary FULL_ALL16 rep=3 clock=0 complete
primary NATIVE rep=3 clock=0 complete
primary BOUNDED rep=3 clock=1 complete
primary BOUNDED rep=4 clock=0 complete
primary BOUNDED_ALL16 rep=4 clock=1 complete
primary BOUNDED_ALL16 rep=4 clock=0 complete
primary FULL rep=4 clock=0 complete
primary FULL_ALL16 rep=4 clock=0 complete
primary NATIVE rep=4 clock=1 complete
primary FULL rep=4 clock=1 complete
primary NATIVE rep=4 clock=0 complete
primary BOUNDED rep=4 clock=1 complete
primary FULL_ALL16 rep=4 clock=1 complete
primary NATIVE rep=5 clock=1 complete
primary FULL rep=5 clock=1 complete
primary BOUNDED_ALL16 rep=5 clock=1 complete
primary BOUNDED rep=5 clock=0 complete
primary FULL rep=5 clock=0 complete
primary BOUNDED_ALL16 rep=5 clock=0 complete
primary BOUNDED rep=5 clock=1 complete
primary FULL_ALL16 rep=5 clock=0 complete
primary NATIVE rep=5 clock=0 complete
primary FULL_ALL16 rep=5 clock=1 complete
primary BOUNDED_ALL16 rep=6 clock=1 complete
primary FULL_ALL16 rep=6 clock=1 complete
primary BOUNDED rep=6 clock=0 complete
primary NATIVE rep=6 clock=0 complete
primary FULL_ALL16 rep=6 clock=0 complete
primary BOUNDED rep=6 clock=1 complete
primary FULL rep=6 clock=0 complete
primary NATIVE rep=6 clock=1 complete
primary BOUNDED_ALL16 rep=6 clock=0 complete
primary FULL rep=6 clock=1 complete
primary PASS
